INFO:     Started server process [7080]
INFO:     Waiting for application startup.
INFO:     Application startup complete.
INFO:     Uvicorn running on http://0.0.0.0:18011 (Press CTRL+C to quit)
2026-04-13 00:17:57 | INFO     | 5_connectors.adapter.main:query_memory_v2 - [QUERY_V2] request_id=req-658d9a4a, tenant=phase1-tenant, auth_mode=legacy_body, query=phase1 adapter check phase1cycle10d24a349d...
2026-04-13 00:18:11 | INFO     | 5_connectors.adapter.main:query_memory_v2 - [QUERY_V2] request_id=req-09661f30, tenant=stability-tenant, auth_mode=legacy_body, query=stability heartbeat iteration 1...
2026-04-13 00:18:16 | INFO     | 5_connectors.adapter.main:query_memory_v2 - [QUERY_V2] request_id=req-58e50cc4, tenant=stability-tenant, auth_mode=legacy_body, query=stability heartbeat iteration 2...
2026-04-13 00:18:21 | INFO     | 5_connectors.adapter.main:query_memory_v2 - [QUERY_V2] request_id=req-25015d69, tenant=stability-tenant, auth_mode=legacy_body, query=stability heartbeat iteration 3...
2026-04-13 00:18:26 | INFO     | 5_connectors.adapter.main:query_memory_v2 - [QUERY_V2] request_id=req-267af2af, tenant=stability-tenant, auth_mode=legacy_body, query=stability heartbeat iteration 4...
2026-04-13 00:18:31 | INFO     | 5_connectors.adapter.main:query_memory_v2 - [QUERY_V2] request_id=req-7d8e101f, tenant=stability-tenant, auth_mode=legacy_body, query=stability heartbeat iteration 5...
2026-04-13 00:18:36 | INFO     | 5_connectors.adapter.main:query_memory_v2 - [QUERY_V2] request_id=req-f3181f7a, tenant=stability-tenant, auth_mode=legacy_body, query=stability heartbeat iteration 6...
2026-04-13 00:18:41 | INFO     | 5_connectors.adapter.main:query_memory_v2 - [QUERY_V2] request_id=req-b9ff32d8, tenant=stability-tenant, auth_mode=legacy_body, query=stability heartbeat iteration 7...
2026-04-13 00:18:46 | INFO     | 5_connectors.adapter.main:query_memory_v2 - [QUERY_V2] request_id=req-e363247e, tenant=stability-tenant, auth_mode=legacy_body, query=stability heartbeat iteration 8...
2026-04-13 00:18:51 | INFO     | 5_connectors.adapter.main:query_memory_v2 - [QUERY_V2] request_id=req-768fbcbe, tenant=stability-tenant, auth_mode=legacy_body, query=stability heartbeat iteration 9...
2026-04-13 00:18:56 | INFO     | 5_connectors.adapter.main:query_memory_v2 - [QUERY_V2] request_id=req-256ce375, tenant=stability-tenant, auth_mode=legacy_body, query=stability heartbeat iteration 10...
2026-04-13 00:19:01 | INFO     | 5_connectors.adapter.main:query_memory_v2 - [QUERY_V2] request_id=req-9ca33bcd, tenant=stability-tenant, auth_mode=legacy_body, query=stability heartbeat iteration 11...
2026-04-13 00:19:06 | INFO     | 5_connectors.adapter.main:query_memory_v2 - [QUERY_V2] request_id=req-b3622b01, tenant=stability-tenant, auth_mode=legacy_body, query=stability heartbeat iteration 12...
2026-04-13 00:19:11 | INFO     | 5_connectors.adapter.main:query_memory_v2 - [QUERY_V2] request_id=req-5ccb9a77, tenant=stability-tenant, auth_mode=legacy_body, query=stability heartbeat iteration 13...
2026-04-13 00:19:16 | INFO     | 5_connectors.adapter.main:query_memory_v2 - [QUERY_V2] request_id=req-5afee6d5, tenant=stability-tenant, auth_mode=legacy_body, query=stability heartbeat iteration 14...
2026-04-13 00:19:21 | INFO     | 5_connectors.adapter.main:query_memory_v2 - [QUERY_V2] request_id=req-bd9a5db8, tenant=stability-tenant, auth_mode=legacy_body, query=stability heartbeat iteration 15...
2026-04-13 00:19:27 | INFO     | 5_connectors.adapter.main:query_memory_v2 - [QUERY_V2] request_id=req-0418ccc7, tenant=stability-tenant, auth_mode=legacy_body, query=stability heartbeat iteration 16...
2026-04-13 00:19:32 | INFO     | 5_connectors.adapter.main:query_memory_v2 - [QUERY_V2] request_id=req-d498f10c, tenant=stability-tenant, auth_mode=legacy_body, query=stability heartbeat iteration 17...
2026-04-13 00:19:37 | INFO     | 5_connectors.adapter.main:query_memory_v2 - [QUERY_V2] request_id=req-cb485156, tenant=stability-tenant, auth_mode=legacy_body, query=stability heartbeat iteration 18...
2026-04-13 00:19:42 | INFO     | 5_connectors.adapter.main:query_memory_v2 - [QUERY_V2] request_id=req-626a2e94, tenant=stability-tenant, auth_mode=legacy_body, query=stability heartbeat iteration 19...
2026-04-13 00:19:47 | INFO     | 5_connectors.adapter.main:query_memory_v2 - [QUERY_V2] request_id=req-99b1706a, tenant=stability-tenant, auth_mode=legacy_body, query=stability heartbeat iteration 20...
2026-04-13 00:19:52 | INFO     | 5_connectors.adapter.main:query_memory_v2 - [QUERY_V2] request_id=req-2d283854, tenant=stability-tenant, auth_mode=legacy_body, query=stability heartbeat iteration 21...
2026-04-13 00:19:57 | INFO     | 5_connectors.adapter.main:query_memory_v2 - [QUERY_V2] request_id=req-1b0a9c4d, tenant=stability-tenant, auth_mode=legacy_body, query=stability heartbeat iteration 22...
2026-04-13 00:20:02 | INFO     | 5_connectors.adapter.main:query_memory_v2 - [QUERY_V2] request_id=req-25842dce, tenant=stability-tenant, auth_mode=legacy_body, query=stability heartbeat iteration 23...
2026-04-13 00:20:07 | INFO     | 5_connectors.adapter.main:query_memory_v2 - [QUERY_V2] request_id=req-88ea8688, tenant=stability-tenant, auth_mode=legacy_body, query=stability heartbeat iteration 24...
2026-04-13 00:20:12 | INFO     | 5_connectors.adapter.main:query_memory_v2 - [QUERY_V2] request_id=req-cef0d3f7, tenant=stability-tenant, auth_mode=legacy_body, query=stability heartbeat iteration 25...
2026-04-13 00:20:17 | INFO     | 5_connectors.adapter.main:query_memory_v2 - [QUERY_V2] request_id=req-1161c432, tenant=stability-tenant, auth_mode=legacy_body, query=stability heartbeat iteration 26...
2026-04-13 00:20:22 | INFO     | 5_connectors.adapter.main:query_memory_v2 - [QUERY_V2] request_id=req-b7d351c3, tenant=stability-tenant, auth_mode=legacy_body, query=stability heartbeat iteration 27...
2026-04-13 00:20:27 | INFO     | 5_connectors.adapter.main:query_memory_v2 - [QUERY_V2] request_id=req-1c5060ba, tenant=stability-tenant, auth_mode=legacy_body, query=stability heartbeat iteration 28...
2026-04-13 00:20:32 | INFO     | 5_connectors.adapter.main:query_memory_v2 - [QUERY_V2] request_id=req-b850a501, tenant=stability-tenant, auth_mode=legacy_body, query=stability heartbeat iteration 29...
2026-04-13 00:20:37 | INFO     | 5_connectors.adapter.main:query_memory_v2 - [QUERY_V2] request_id=req-852ccb08, tenant=stability-tenant, auth_mode=legacy_body, query=stability heartbeat iteration 30...
2026-04-13 00:20:42 | INFO     | 5_connectors.adapter.main:query_memory_v2 - [QUERY_V2] request_id=req-2036432b, tenant=stability-tenant, auth_mode=legacy_body, query=stability heartbeat iteration 31...
2026-04-13 00:20:47 | INFO     | 5_connectors.adapter.main:query_memory_v2 - [QUERY_V2] request_id=req-341260b3, tenant=stability-tenant, auth_mode=legacy_body, query=stability heartbeat iteration 32...
2026-04-13 00:20:53 | INFO     | 5_connectors.adapter.main:query_memory_v2 - [QUERY_V2] request_id=req-d5650b26, tenant=stability-tenant, auth_mode=legacy_body, query=stability heartbeat iteration 33...
2026-04-13 00:20:58 | INFO     | 5_connectors.adapter.main:query_memory_v2 - [QUERY_V2] request_id=req-4b52e8c5, tenant=stability-tenant, auth_mode=legacy_body, query=stability heartbeat iteration 34...
2026-04-13 00:21:03 | INFO     | 5_connectors.adapter.main:query_memory_v2 - [QUERY_V2] request_id=req-58a9f847, tenant=stability-tenant, auth_mode=legacy_body, query=stability heartbeat iteration 35...
2026-04-13 00:21:08 | INFO     | 5_connectors.adapter.main:query_memory_v2 - [QUERY_V2] request_id=req-a26f3a4c, tenant=stability-tenant, auth_mode=legacy_body, query=stability heartbeat iteration 36...
2026-04-13 00:21:13 | INFO     | 5_connectors.adapter.main:query_memory_v2 - [QUERY_V2] request_id=req-bc2a07a4, tenant=stability-tenant, auth_mode=legacy_body, query=stability heartbeat iteration 37...
2026-04-13 00:21:18 | INFO     | 5_connectors.adapter.main:query_memory_v2 - [QUERY_V2] request_id=req-779a3e0c, tenant=stability-tenant, auth_mode=legacy_body, query=stability heartbeat iteration 38...
2026-04-13 00:21:23 | INFO     | 5_connectors.adapter.main:query_memory_v2 - [QUERY_V2] request_id=req-3537273f, tenant=stability-tenant, auth_mode=legacy_body, query=stability heartbeat iteration 39...
2026-04-13 00:21:28 | INFO     | 5_connectors.adapter.main:query_memory_v2 - [QUERY_V2] request_id=req-729f553b, tenant=stability-tenant, auth_mode=legacy_body, query=stability heartbeat iteration 40...
2026-04-13 00:21:33 | INFO     | 5_connectors.adapter.main:query_memory_v2 - [QUERY_V2] request_id=req-02c652f3, tenant=stability-tenant, auth_mode=legacy_body, query=stability heartbeat iteration 41...
2026-04-13 00:21:38 | INFO     | 5_connectors.adapter.main:query_memory_v2 - [QUERY_V2] request_id=req-d27b97be, tenant=stability-tenant, auth_mode=legacy_body, query=stability heartbeat iteration 42...
2026-04-13 00:21:43 | INFO     | 5_connectors.adapter.main:query_memory_v2 - [QUERY_V2] request_id=req-ab5b0816, tenant=stability-tenant, auth_mode=legacy_body, query=stability heartbeat iteration 43...
2026-04-13 00:21:48 | INFO     | 5_connectors.adapter.main:query_memory_v2 - [QUERY_V2] request_id=req-6dbc7fad, tenant=stability-tenant, auth_mode=legacy_body, query=stability heartbeat iteration 44...
2026-04-13 00:21:53 | INFO     | 5_connectors.adapter.main:query_memory_v2 - [QUERY_V2] request_id=req-c32f9650, tenant=stability-tenant, auth_mode=legacy_body, query=stability heartbeat iteration 45...
2026-04-13 00:21:58 | INFO     | 5_connectors.adapter.main:query_memory_v2 - [QUERY_V2] request_id=req-2a27f102, tenant=stability-tenant, auth_mode=legacy_body, query=stability heartbeat iteration 46...
2026-04-13 00:22:03 | INFO     | 5_connectors.adapter.main:query_memory_v2 - [QUERY_V2] request_id=req-3535d76a, tenant=stability-tenant, auth_mode=legacy_body, query=stability heartbeat iteration 47...
2026-04-13 00:22:08 | INFO     | 5_connectors.adapter.main:query_memory_v2 - [QUERY_V2] request_id=req-8d5ceb7f, tenant=stability-tenant, auth_mode=legacy_body, query=stability heartbeat iteration 48...
2026-04-13 00:22:14 | INFO     | 5_connectors.adapter.main:query_memory_v2 - [QUERY_V2] request_id=req-07cbbdfc, tenant=stability-tenant, auth_mode=legacy_body, query=stability heartbeat iteration 49...
2026-04-13 00:22:19 | INFO     | 5_connectors.adapter.main:query_memory_v2 - [QUERY_V2] request_id=req-4a65bb4a, tenant=stability-tenant, auth_mode=legacy_body, query=stability heartbeat iteration 50...
2026-04-13 00:22:24 | INFO     | 5_connectors.adapter.main:query_memory_v2 - [QUERY_V2] request_id=req-49f01510, tenant=stability-tenant, auth_mode=legacy_body, query=stability heartbeat iteration 51...
2026-04-13 00:22:29 | INFO     | 5_connectors.adapter.main:query_memory_v2 - [QUERY_V2] request_id=req-ffedc365, tenant=stability-tenant, auth_mode=legacy_body, query=stability heartbeat iteration 52...
2026-04-13 00:22:34 | INFO     | 5_connectors.adapter.main:query_memory_v2 - [QUERY_V2] request_id=req-91aa97c4, tenant=stability-tenant, auth_mode=legacy_body, query=stability heartbeat iteration 53...
2026-04-13 00:22:39 | INFO     | 5_connectors.adapter.main:query_memory_v2 - [QUERY_V2] request_id=req-4ac31804, tenant=stability-tenant, auth_mode=legacy_body, query=stability heartbeat iteration 54...
2026-04-13 00:22:44 | INFO     | 5_connectors.adapter.main:query_memory_v2 - [QUERY_V2] request_id=req-3e7a7f16, tenant=stability-tenant, auth_mode=legacy_body, query=stability heartbeat iteration 55...
2026-04-13 00:22:49 | INFO     | 5_connectors.adapter.main:query_memory_v2 - [QUERY_V2] request_id=req-fc9cb3a7, tenant=stability-tenant, auth_mode=legacy_body, query=stability heartbeat iteration 56...
2026-04-13 00:22:54 | INFO     | 5_connectors.adapter.main:query_memory_v2 - [QUERY_V2] request_id=req-fe2694dc, tenant=stability-tenant, auth_mode=legacy_body, query=stability heartbeat iteration 57...
2026-04-13 00:22:59 | INFO     | 5_connectors.adapter.main:query_memory_v2 - [QUERY_V2] request_id=req-fad11486, tenant=stability-tenant, auth_mode=legacy_body, query=stability heartbeat iteration 58...
2026-04-13 00:23:04 | INFO     | 5_connectors.adapter.main:query_memory_v2 - [QUERY_V2] request_id=req-ea450ceb, tenant=stability-tenant, auth_mode=legacy_body, query=stability heartbeat iteration 59...
2026-04-13 00:23:09 | INFO     | 5_connectors.adapter.main:query_memory_v2 - [QUERY_V2] request_id=req-e76bbf97, tenant=stability-tenant, auth_mode=legacy_body, query=stability heartbeat iteration 60...
2026-04-13 00:23:14 | INFO     | 5_connectors.adapter.main:query_memory_v2 - [QUERY_V2] request_id=req-a3c1836d, tenant=stability-tenant, auth_mode=legacy_body, query=stability heartbeat iteration 61...
2026-04-13 00:23:19 | INFO     | 5_connectors.adapter.main:query_memory_v2 - [QUERY_V2] request_id=req-7405d8ad, tenant=stability-tenant, auth_mode=legacy_body, query=stability heartbeat iteration 62...
2026-04-13 00:23:24 | INFO     | 5_connectors.adapter.main:query_memory_v2 - [QUERY_V2] request_id=req-5759870a, tenant=stability-tenant, auth_mode=legacy_body, query=stability heartbeat iteration 63...
2026-04-13 00:23:30 | INFO     | 5_connectors.adapter.main:query_memory_v2 - [QUERY_V2] request_id=req-bcb2e571, tenant=stability-tenant, auth_mode=legacy_body, query=stability heartbeat iteration 64...
2026-04-13 00:23:35 | INFO     | 5_connectors.adapter.main:query_memory_v2 - [QUERY_V2] request_id=req-a55c0cd6, tenant=stability-tenant, auth_mode=legacy_body, query=stability heartbeat iteration 65...
2026-04-13 00:23:40 | INFO     | 5_connectors.adapter.main:query_memory_v2 - [QUERY_V2] request_id=req-0fd857b9, tenant=stability-tenant, auth_mode=legacy_body, query=stability heartbeat iteration 66...
2026-04-13 00:23:45 | INFO     | 5_connectors.adapter.main:query_memory_v2 - [QUERY_V2] request_id=req-d5c4d8c8, tenant=stability-tenant, auth_mode=legacy_body, query=stability heartbeat iteration 67...
2026-04-13 00:23:50 | INFO     | 5_connectors.adapter.main:query_memory_v2 - [QUERY_V2] request_id=req-083feebb, tenant=stability-tenant, auth_mode=legacy_body, query=stability heartbeat iteration 68...
2026-04-13 00:23:55 | INFO     | 5_connectors.adapter.main:query_memory_v2 - [QUERY_V2] request_id=req-02122bd8, tenant=stability-tenant, auth_mode=legacy_body, query=stability heartbeat iteration 69...
2026-04-13 00:24:00 | INFO     | 5_connectors.adapter.main:query_memory_v2 - [QUERY_V2] request_id=req-cb85e302, tenant=stability-tenant, auth_mode=legacy_body, query=stability heartbeat iteration 70...
2026-04-13 00:24:05 | INFO     | 5_connectors.adapter.main:query_memory_v2 - [QUERY_V2] request_id=req-d111e943, tenant=stability-tenant, auth_mode=legacy_body, query=stability heartbeat iteration 71...
2026-04-13 00:24:10 | INFO     | 5_connectors.adapter.main:query_memory_v2 - [QUERY_V2] request_id=req-757372a3, tenant=stability-tenant, auth_mode=legacy_body, query=stability heartbeat iteration 72...
2026-04-13 00:24:29 | INFO     | 5_connectors.adapter.main:query_memory_v2 - [QUERY_V2] request_id=req-83f1bb9e, tenant=stability-tenant, auth_mode=legacy_body, query=stability heartbeat iteration 1...
2026-04-13 00:24:59 | INFO     | 5_connectors.adapter.main:query_memory_v2 - [QUERY_V2] request_id=req-0685ca66, tenant=stability-tenant, auth_mode=legacy_body, query=stability heartbeat iteration 2...
2026-04-13 00:25:30 | INFO     | 5_connectors.adapter.main:query_memory_v2 - [QUERY_V2] request_id=req-b94d160b, tenant=stability-tenant, auth_mode=legacy_body, query=stability heartbeat iteration 3...
2026-04-13 00:26:00 | INFO     | 5_connectors.adapter.main:query_memory_v2 - [QUERY_V2] request_id=req-33bd00a8, tenant=stability-tenant, auth_mode=legacy_body, query=stability heartbeat iteration 4...
2026-04-13 00:26:30 | INFO     | 5_connectors.adapter.main:query_memory_v2 - [QUERY_V2] request_id=req-123b61a6, tenant=stability-tenant, auth_mode=legacy_body, query=stability heartbeat iteration 5...
2026-04-13 00:27:00 | INFO     | 5_connectors.adapter.main:query_memory_v2 - [QUERY_V2] request_id=req-7e6082c4, tenant=stability-tenant, auth_mode=legacy_body, query=stability heartbeat iteration 6...
2026-04-13 00:27:30 | INFO     | 5_connectors.adapter.main:query_memory_v2 - [QUERY_V2] request_id=req-c7117810, tenant=stability-tenant, auth_mode=legacy_body, query=stability heartbeat iteration 7...
2026-04-13 00:28:00 | INFO     | 5_connectors.adapter.main:query_memory_v2 - [QUERY_V2] request_id=req-c3d374bc, tenant=stability-tenant, auth_mode=legacy_body, query=stability heartbeat iteration 8...
2026-04-13 00:28:30 | INFO     | 5_connectors.adapter.main:query_memory_v2 - [QUERY_V2] request_id=req-479ec15c, tenant=stability-tenant, auth_mode=legacy_body, query=stability heartbeat iteration 9...
2026-04-13 00:29:00 | INFO     | 5_connectors.adapter.main:query_memory_v2 - [QUERY_V2] request_id=req-dbb51aef, tenant=stability-tenant, auth_mode=legacy_body, query=stability heartbeat iteration 10...
2026-04-13 00:29:30 | INFO     | 5_connectors.adapter.main:query_memory_v2 - [QUERY_V2] request_id=req-552a1325, tenant=stability-tenant, auth_mode=legacy_body, query=stability heartbeat iteration 11...
2026-04-13 00:30:00 | INFO     | 5_connectors.adapter.main:query_memory_v2 - [QUERY_V2] request_id=req-7ab33729, tenant=stability-tenant, auth_mode=legacy_body, query=stability heartbeat iteration 12...
2026-04-13 00:30:30 | INFO     | 5_connectors.adapter.main:query_memory_v2 - [QUERY_V2] request_id=req-b0c8c148, tenant=stability-tenant, auth_mode=legacy_body, query=stability heartbeat iteration 13...
2026-04-13 00:31:00 | INFO     | 5_connectors.adapter.main:query_memory_v2 - [QUERY_V2] request_id=req-7dc949fe, tenant=stability-tenant, auth_mode=legacy_body, query=stability heartbeat iteration 14...
2026-04-13 00:31:30 | INFO     | 5_connectors.adapter.main:query_memory_v2 - [QUERY_V2] request_id=req-36a87311, tenant=stability-tenant, auth_mode=legacy_body, query=stability heartbeat iteration 15...
2026-04-13 00:32:00 | INFO     | 5_connectors.adapter.main:query_memory_v2 - [QUERY_V2] request_id=req-5a3c6e89, tenant=stability-tenant, auth_mode=legacy_body, query=stability heartbeat iteration 16...
2026-04-13 00:32:31 | INFO     | 5_connectors.adapter.main:query_memory_v2 - [QUERY_V2] request_id=req-f8ec4ae0, tenant=stability-tenant, auth_mode=legacy_body, query=stability heartbeat iteration 17...
2026-04-13 00:33:01 | INFO     | 5_connectors.adapter.main:query_memory_v2 - [QUERY_V2] request_id=req-7549d87d, tenant=stability-tenant, auth_mode=legacy_body, query=stability heartbeat iteration 18...
2026-04-13 00:33:31 | INFO     | 5_connectors.adapter.main:query_memory_v2 - [QUERY_V2] request_id=req-9fbcb287, tenant=stability-tenant, auth_mode=legacy_body, query=stability heartbeat iteration 19...
2026-04-13 00:34:01 | INFO     | 5_connectors.adapter.main:query_memory_v2 - [QUERY_V2] request_id=req-08b40d69, tenant=stability-tenant, auth_mode=legacy_body, query=stability heartbeat iteration 20...
2026-04-13 00:34:31 | INFO     | 5_connectors.adapter.main:query_memory_v2 - [QUERY_V2] request_id=req-7822fd88, tenant=stability-tenant, auth_mode=legacy_body, query=stability heartbeat iteration 21...
2026-04-13 00:35:01 | INFO     | 5_connectors.adapter.main:query_memory_v2 - [QUERY_V2] request_id=req-9eb52ee6, tenant=stability-tenant, auth_mode=legacy_body, query=stability heartbeat iteration 22...
2026-04-13 00:35:31 | INFO     | 5_connectors.adapter.main:query_memory_v2 - [QUERY_V2] request_id=req-ad3ec702, tenant=stability-tenant, auth_mode=legacy_body, query=stability heartbeat iteration 23...
2026-04-13 00:36:01 | INFO     | 5_connectors.adapter.main:query_memory_v2 - [QUERY_V2] request_id=req-69f9a583, tenant=stability-tenant, auth_mode=legacy_body, query=stability heartbeat iteration 24...
2026-04-13 00:36:31 | INFO     | 5_connectors.adapter.main:query_memory_v2 - [QUERY_V2] request_id=req-e569d9c6, tenant=stability-tenant, auth_mode=legacy_body, query=stability heartbeat iteration 25...
2026-04-13 00:37:01 | INFO     | 5_connectors.adapter.main:query_memory_v2 - [QUERY_V2] request_id=req-6e9b970f, tenant=stability-tenant, auth_mode=legacy_body, query=stability heartbeat iteration 26...
2026-04-13 00:37:31 | INFO     | 5_connectors.adapter.main:query_memory_v2 - [QUERY_V2] request_id=req-7d8b8394, tenant=stability-tenant, auth_mode=legacy_body, query=stability heartbeat iteration 27...
2026-04-13 00:38:01 | INFO     | 5_connectors.adapter.main:query_memory_v2 - [QUERY_V2] request_id=req-8aac39e4, tenant=stability-tenant, auth_mode=legacy_body, query=stability heartbeat iteration 28...
2026-04-13 00:38:31 | INFO     | 5_connectors.adapter.main:query_memory_v2 - [QUERY_V2] request_id=req-50638a58, tenant=stability-tenant, auth_mode=legacy_body, query=stability heartbeat iteration 29...
2026-04-13 00:39:01 | INFO     | 5_connectors.adapter.main:query_memory_v2 - [QUERY_V2] request_id=req-040c713d, tenant=stability-tenant, auth_mode=legacy_body, query=stability heartbeat iteration 30...
2026-04-13 00:39:31 | INFO     | 5_connectors.adapter.main:query_memory_v2 - [QUERY_V2] request_id=req-d9186a90, tenant=stability-tenant, auth_mode=legacy_body, query=stability heartbeat iteration 31...
2026-04-13 00:40:01 | INFO     | 5_connectors.adapter.main:query_memory_v2 - [QUERY_V2] request_id=req-773042a4, tenant=stability-tenant, auth_mode=legacy_body, query=stability heartbeat iteration 32...
2026-04-13 00:40:32 | INFO     | 5_connectors.adapter.main:query_memory_v2 - [QUERY_V2] request_id=req-eb162f71, tenant=stability-tenant, auth_mode=legacy_body, query=stability heartbeat iteration 33...
2026-04-13 00:41:02 | INFO     | 5_connectors.adapter.main:query_memory_v2 - [QUERY_V2] request_id=req-771bdc07, tenant=stability-tenant, auth_mode=legacy_body, query=stability heartbeat iteration 34...
2026-04-13 00:41:32 | INFO     | 5_connectors.adapter.main:query_memory_v2 - [QUERY_V2] request_id=req-6434308f, tenant=stability-tenant, auth_mode=legacy_body, query=stability heartbeat iteration 35...
2026-04-13 00:42:02 | INFO     | 5_connectors.adapter.main:query_memory_v2 - [QUERY_V2] request_id=req-45038320, tenant=stability-tenant, auth_mode=legacy_body, query=stability heartbeat iteration 36...
2026-04-13 00:42:32 | INFO     | 5_connectors.adapter.main:query_memory_v2 - [QUERY_V2] request_id=req-b8607d6a, tenant=stability-tenant, auth_mode=legacy_body, query=stability heartbeat iteration 37...
2026-04-13 00:43:02 | INFO     | 5_connectors.adapter.main:query_memory_v2 - [QUERY_V2] request_id=req-00218747, tenant=stability-tenant, auth_mode=legacy_body, query=stability heartbeat iteration 38...
2026-04-13 00:43:32 | INFO     | 5_connectors.adapter.main:query_memory_v2 - [QUERY_V2] request_id=req-9d254763, tenant=stability-tenant, auth_mode=legacy_body, query=stability heartbeat iteration 39...
2026-04-13 00:44:02 | INFO     | 5_connectors.adapter.main:query_memory_v2 - [QUERY_V2] request_id=req-9aea4e0a, tenant=stability-tenant, auth_mode=legacy_body, query=stability heartbeat iteration 40...
2026-04-13 00:44:32 | INFO     | 5_connectors.adapter.main:query_memory_v2 - [QUERY_V2] request_id=req-724d1ab9, tenant=stability-tenant, auth_mode=legacy_body, query=stability heartbeat iteration 41...
2026-04-13 00:45:02 | INFO     | 5_connectors.adapter.main:query_memory_v2 - [QUERY_V2] request_id=req-358ce0d4, tenant=stability-tenant, auth_mode=legacy_body, query=stability heartbeat iteration 42...
2026-04-13 00:45:32 | INFO     | 5_connectors.adapter.main:query_memory_v2 - [QUERY_V2] request_id=req-15a66631, tenant=stability-tenant, auth_mode=legacy_body, query=stability heartbeat iteration 43...
2026-04-13 00:46:02 | INFO     | 5_connectors.adapter.main:query_memory_v2 - [QUERY_V2] request_id=req-3309ad94, tenant=stability-tenant, auth_mode=legacy_body, query=stability heartbeat iteration 44...
2026-04-13 00:46:32 | INFO     | 5_connectors.adapter.main:query_memory_v2 - [QUERY_V2] request_id=req-a72675d3, tenant=stability-tenant, auth_mode=legacy_body, query=stability heartbeat iteration 45...
2026-04-13 00:47:02 | INFO     | 5_connectors.adapter.main:query_memory_v2 - [QUERY_V2] request_id=req-5ddd26ab, tenant=stability-tenant, auth_mode=legacy_body, query=stability heartbeat iteration 46...
2026-04-13 00:47:32 | INFO     | 5_connectors.adapter.main:query_memory_v2 - [QUERY_V2] request_id=req-e43e67ff, tenant=stability-tenant, auth_mode=legacy_body, query=stability heartbeat iteration 47...
2026-04-13 00:48:03 | INFO     | 5_connectors.adapter.main:query_memory_v2 - [QUERY_V2] request_id=req-75750692, tenant=stability-tenant, auth_mode=legacy_body, query=stability heartbeat iteration 48...
2026-04-13 00:48:33 | INFO     | 5_connectors.adapter.main:query_memory_v2 - [QUERY_V2] request_id=req-99343208, tenant=stability-tenant, auth_mode=legacy_body, query=stability heartbeat iteration 49...
2026-04-13 00:49:03 | INFO     | 5_connectors.adapter.main:query_memory_v2 - [QUERY_V2] request_id=req-bf0c65c8, tenant=stability-tenant, auth_mode=legacy_body, query=stability heartbeat iteration 50...
2026-04-13 00:49:33 | INFO     | 5_connectors.adapter.main:query_memory_v2 - [QUERY_V2] request_id=req-d70bdfae, tenant=stability-tenant, auth_mode=legacy_body, query=stability heartbeat iteration 51...
2026-04-13 00:50:03 | INFO     | 5_connectors.adapter.main:query_memory_v2 - [QUERY_V2] request_id=req-ade10a48, tenant=stability-tenant, auth_mode=legacy_body, query=stability heartbeat iteration 52...
2026-04-13 00:50:33 | INFO     | 5_connectors.adapter.main:query_memory_v2 - [QUERY_V2] request_id=req-aba7d270, tenant=stability-tenant, auth_mode=legacy_body, query=stability heartbeat iteration 53...
2026-04-13 00:51:03 | INFO     | 5_connectors.adapter.main:query_memory_v2 - [QUERY_V2] request_id=req-f946fe36, tenant=stability-tenant, auth_mode=legacy_body, query=stability heartbeat iteration 54...
2026-04-13 00:51:33 | INFO     | 5_connectors.adapter.main:query_memory_v2 - [QUERY_V2] request_id=req-c2b5a2cc, tenant=stability-tenant, auth_mode=legacy_body, query=stability heartbeat iteration 55...
2026-04-13 00:52:03 | INFO     | 5_connectors.adapter.main:query_memory_v2 - [QUERY_V2] request_id=req-2b2f9f9d, tenant=stability-tenant, auth_mode=legacy_body, query=stability heartbeat iteration 56...
2026-04-13 00:52:33 | INFO     | 5_connectors.adapter.main:query_memory_v2 - [QUERY_V2] request_id=req-676e855a, tenant=stability-tenant, auth_mode=legacy_body, query=stability heartbeat iteration 57...
2026-04-13 00:53:03 | INFO     | 5_connectors.adapter.main:query_memory_v2 - [QUERY_V2] request_id=req-d81eaa57, tenant=stability-tenant, auth_mode=legacy_body, query=stability heartbeat iteration 58...
2026-04-13 00:53:33 | INFO     | 5_connectors.adapter.main:query_memory_v2 - [QUERY_V2] request_id=req-a9a1b57f, tenant=stability-tenant, auth_mode=legacy_body, query=stability heartbeat iteration 59...
2026-04-13 00:54:03 | INFO     | 5_connectors.adapter.main:query_memory_v2 - [QUERY_V2] request_id=req-d4c58315, tenant=stability-tenant, auth_mode=legacy_body, query=stability heartbeat iteration 60...
2026-04-13 00:54:33 | INFO     | 5_connectors.adapter.main:query_memory_v2 - [QUERY_V2] request_id=req-586be2e6, tenant=stability-tenant, auth_mode=legacy_body, query=stability heartbeat iteration 61...
2026-04-13 00:55:03 | INFO     | 5_connectors.adapter.main:query_memory_v2 - [QUERY_V2] request_id=req-794f77b9, tenant=stability-tenant, auth_mode=legacy_body, query=stability heartbeat iteration 62...
2026-04-13 00:55:34 | INFO     | 5_connectors.adapter.main:query_memory_v2 - [QUERY_V2] request_id=req-58b4fdce, tenant=stability-tenant, auth_mode=legacy_body, query=stability heartbeat iteration 63...
2026-04-13 00:56:04 | INFO     | 5_connectors.adapter.main:query_memory_v2 - [QUERY_V2] request_id=req-e8f38b99, tenant=stability-tenant, auth_mode=legacy_body, query=stability heartbeat iteration 64...
2026-04-13 00:56:34 | INFO     | 5_connectors.adapter.main:query_memory_v2 - [QUERY_V2] request_id=req-b11ef25a, tenant=stability-tenant, auth_mode=legacy_body, query=stability heartbeat iteration 65...
2026-04-13 00:57:04 | INFO     | 5_connectors.adapter.main:query_memory_v2 - [QUERY_V2] request_id=req-1b3f6786, tenant=stability-tenant, auth_mode=legacy_body, query=stability heartbeat iteration 66...
2026-04-13 00:57:34 | INFO     | 5_connectors.adapter.main:query_memory_v2 - [QUERY_V2] request_id=req-1f7e8bfd, tenant=stability-tenant, auth_mode=legacy_body, query=stability heartbeat iteration 67...
2026-04-13 00:58:04 | INFO     | 5_connectors.adapter.main:query_memory_v2 - [QUERY_V2] request_id=req-37ebdac6, tenant=stability-tenant, auth_mode=legacy_body, query=stability heartbeat iteration 68...
2026-04-13 00:58:34 | INFO     | 5_connectors.adapter.main:query_memory_v2 - [QUERY_V2] request_id=req-7980d05f, tenant=stability-tenant, auth_mode=legacy_body, query=stability heartbeat iteration 69...
2026-04-13 00:59:04 | INFO     | 5_connectors.adapter.main:query_memory_v2 - [QUERY_V2] request_id=req-0d49a474, tenant=stability-tenant, auth_mode=legacy_body, query=stability heartbeat iteration 70...
2026-04-13 00:59:34 | INFO     | 5_connectors.adapter.main:query_memory_v2 - [QUERY_V2] request_id=req-1e334c03, tenant=stability-tenant, auth_mode=legacy_body, query=stability heartbeat iteration 71...
2026-04-13 01:00:04 | INFO     | 5_connectors.adapter.main:query_memory_v2 - [QUERY_V2] request_id=req-6db1d383, tenant=stability-tenant, auth_mode=legacy_body, query=stability heartbeat iteration 72...
2026-04-13 01:00:34 | INFO     | 5_connectors.adapter.main:query_memory_v2 - [QUERY_V2] request_id=req-b7ddf98b, tenant=stability-tenant, auth_mode=legacy_body, query=stability heartbeat iteration 73...
2026-04-13 01:01:04 | INFO     | 5_connectors.adapter.main:query_memory_v2 - [QUERY_V2] request_id=req-d472318c, tenant=stability-tenant, auth_mode=legacy_body, query=stability heartbeat iteration 74...
2026-04-13 01:01:34 | INFO     | 5_connectors.adapter.main:query_memory_v2 - [QUERY_V2] request_id=req-fb794473, tenant=stability-tenant, auth_mode=legacy_body, query=stability heartbeat iteration 75...
2026-04-13 01:02:05 | INFO     | 5_connectors.adapter.main:query_memory_v2 - [QUERY_V2] request_id=req-86d80895, tenant=stability-tenant, auth_mode=legacy_body, query=stability heartbeat iteration 76...
2026-04-13 01:02:35 | INFO     | 5_connectors.adapter.main:query_memory_v2 - [QUERY_V2] request_id=req-2d9137b7, tenant=stability-tenant, auth_mode=legacy_body, query=stability heartbeat iteration 77...
2026-04-13 01:03:05 | INFO     | 5_connectors.adapter.main:query_memory_v2 - [QUERY_V2] request_id=req-e623d0cb, tenant=stability-tenant, auth_mode=legacy_body, query=stability heartbeat iteration 78...
2026-04-13 01:03:35 | INFO     | 5_connectors.adapter.main:query_memory_v2 - [QUERY_V2] request_id=req-d223fd3c, tenant=stability-tenant, auth_mode=legacy_body, query=stability heartbeat iteration 79...
2026-04-13 01:04:05 | INFO     | 5_connectors.adapter.main:query_memory_v2 - [QUERY_V2] request_id=req-eea693ba, tenant=stability-tenant, auth_mode=legacy_body, query=stability heartbeat iteration 80...
2026-04-13 01:04:35 | INFO     | 5_connectors.adapter.main:query_memory_v2 - [QUERY_V2] request_id=req-545c05e1, tenant=stability-tenant, auth_mode=legacy_body, query=stability heartbeat iteration 81...
2026-04-13 01:05:05 | INFO     | 5_connectors.adapter.main:query_memory_v2 - [QUERY_V2] request_id=req-61843842, tenant=stability-tenant, auth_mode=legacy_body, query=stability heartbeat iteration 82...
2026-04-13 01:05:35 | INFO     | 5_connectors.adapter.main:query_memory_v2 - [QUERY_V2] request_id=req-5a9d59e9, tenant=stability-tenant, auth_mode=legacy_body, query=stability heartbeat iteration 83...
2026-04-13 01:06:05 | INFO     | 5_connectors.adapter.main:query_memory_v2 - [QUERY_V2] request_id=req-816b6c4d, tenant=stability-tenant, auth_mode=legacy_body, query=stability heartbeat iteration 84...
2026-04-13 01:06:35 | INFO     | 5_connectors.adapter.main:query_memory_v2 - [QUERY_V2] request_id=req-fdfd355e, tenant=stability-tenant, auth_mode=legacy_body, query=stability heartbeat iteration 85...
2026-04-13 01:07:05 | INFO     | 5_connectors.adapter.main:query_memory_v2 - [QUERY_V2] request_id=req-3664301b, tenant=stability-tenant, auth_mode=legacy_body, query=stability heartbeat iteration 86...
2026-04-13 01:07:35 | INFO     | 5_connectors.adapter.main:query_memory_v2 - [QUERY_V2] request_id=req-33409003, tenant=stability-tenant, auth_mode=legacy_body, query=stability heartbeat iteration 87...
2026-04-13 01:08:05 | INFO     | 5_connectors.adapter.main:query_memory_v2 - [QUERY_V2] request_id=req-7e1b5e97, tenant=stability-tenant, auth_mode=legacy_body, query=stability heartbeat iteration 88...
2026-04-13 01:08:35 | INFO     | 5_connectors.adapter.main:query_memory_v2 - [QUERY_V2] request_id=req-a419deda, tenant=stability-tenant, auth_mode=legacy_body, query=stability heartbeat iteration 89...
2026-04-13 01:09:05 | INFO     | 5_connectors.adapter.main:query_memory_v2 - [QUERY_V2] request_id=req-1161d49f, tenant=stability-tenant, auth_mode=legacy_body, query=stability heartbeat iteration 90...
2026-04-13 01:09:36 | INFO     | 5_connectors.adapter.main:query_memory_v2 - [QUERY_V2] request_id=req-0969ff4b, tenant=stability-tenant, auth_mode=legacy_body, query=stability heartbeat iteration 91...
2026-04-13 01:10:06 | INFO     | 5_connectors.adapter.main:query_memory_v2 - [QUERY_V2] request_id=req-d962b40a, tenant=stability-tenant, auth_mode=legacy_body, query=stability heartbeat iteration 92...
2026-04-13 01:10:36 | INFO     | 5_connectors.adapter.main:query_memory_v2 - [QUERY_V2] request_id=req-6663ac6c, tenant=stability-tenant, auth_mode=legacy_body, query=stability heartbeat iteration 93...
2026-04-13 01:11:06 | INFO     | 5_connectors.adapter.main:query_memory_v2 - [QUERY_V2] request_id=req-291fbe9a, tenant=stability-tenant, auth_mode=legacy_body, query=stability heartbeat iteration 94...
2026-04-13 01:11:36 | INFO     | 5_connectors.adapter.main:query_memory_v2 - [QUERY_V2] request_id=req-c857b153, tenant=stability-tenant, auth_mode=legacy_body, query=stability heartbeat iteration 95...
2026-04-13 01:12:06 | INFO     | 5_connectors.adapter.main:query_memory_v2 - [QUERY_V2] request_id=req-7bda45e8, tenant=stability-tenant, auth_mode=legacy_body, query=stability heartbeat iteration 96...
2026-04-13 01:12:36 | INFO     | 5_connectors.adapter.main:query_memory_v2 - [QUERY_V2] request_id=req-fa2fdf15, tenant=stability-tenant, auth_mode=legacy_body, query=stability heartbeat iteration 97...
2026-04-13 01:13:06 | INFO     | 5_connectors.adapter.main:query_memory_v2 - [QUERY_V2] request_id=req-9125f9dc, tenant=stability-tenant, auth_mode=legacy_body, query=stability heartbeat iteration 98...
2026-04-13 01:13:36 | INFO     | 5_connectors.adapter.main:query_memory_v2 - [QUERY_V2] request_id=req-f245f83e, tenant=stability-tenant, auth_mode=legacy_body, query=stability heartbeat iteration 99...
2026-04-13 01:14:06 | INFO     | 5_connectors.adapter.main:query_memory_v2 - [QUERY_V2] request_id=req-b380a6b4, tenant=stability-tenant, auth_mode=legacy_body, query=stability heartbeat iteration 100...
2026-04-13 01:14:36 | INFO     | 5_connectors.adapter.main:query_memory_v2 - [QUERY_V2] request_id=req-c673bdfb, tenant=stability-tenant, auth_mode=legacy_body, query=stability heartbeat iteration 101...
2026-04-13 01:15:06 | INFO     | 5_connectors.adapter.main:query_memory_v2 - [QUERY_V2] request_id=req-172783c3, tenant=stability-tenant, auth_mode=legacy_body, query=stability heartbeat iteration 102...
2026-04-13 01:15:36 | INFO     | 5_connectors.adapter.main:query_memory_v2 - [QUERY_V2] request_id=req-1b80b83e, tenant=stability-tenant, auth_mode=legacy_body, query=stability heartbeat iteration 103...
2026-04-13 01:16:06 | INFO     | 5_connectors.adapter.main:query_memory_v2 - [QUERY_V2] request_id=req-78e9e42d, tenant=stability-tenant, auth_mode=legacy_body, query=stability heartbeat iteration 104...
2026-04-13 01:16:36 | INFO     | 5_connectors.adapter.main:query_memory_v2 - [QUERY_V2] request_id=req-76c8e0cb, tenant=stability-tenant, auth_mode=legacy_body, query=stability heartbeat iteration 105...
2026-04-13 01:17:07 | INFO     | 5_connectors.adapter.main:query_memory_v2 - [QUERY_V2] request_id=req-9e9d2acd, tenant=stability-tenant, auth_mode=legacy_body, query=stability heartbeat iteration 106...
2026-04-13 01:17:37 | INFO     | 5_connectors.adapter.main:query_memory_v2 - [QUERY_V2] request_id=req-4d3ff24f, tenant=stability-tenant, auth_mode=legacy_body, query=stability heartbeat iteration 107...
2026-04-13 01:18:07 | INFO     | 5_connectors.adapter.main:query_memory_v2 - [QUERY_V2] request_id=req-cb2ca61f, tenant=stability-tenant, auth_mode=legacy_body, query=stability heartbeat iteration 108...
2026-04-13 01:18:37 | INFO     | 5_connectors.adapter.main:query_memory_v2 - [QUERY_V2] request_id=req-4810bd7f, tenant=stability-tenant, auth_mode=legacy_body, query=stability heartbeat iteration 109...
2026-04-13 01:19:07 | INFO     | 5_connectors.adapter.main:query_memory_v2 - [QUERY_V2] request_id=req-8d49d460, tenant=stability-tenant, auth_mode=legacy_body, query=stability heartbeat iteration 110...
2026-04-13 01:19:37 | INFO     | 5_connectors.adapter.main:query_memory_v2 - [QUERY_V2] request_id=req-a177dc18, tenant=stability-tenant, auth_mode=legacy_body, query=stability heartbeat iteration 111...
2026-04-13 01:20:07 | INFO     | 5_connectors.adapter.main:query_memory_v2 - [QUERY_V2] request_id=req-1ff21883, tenant=stability-tenant, auth_mode=legacy_body, query=stability heartbeat iteration 112...
2026-04-13 01:20:37 | INFO     | 5_connectors.adapter.main:query_memory_v2 - [QUERY_V2] request_id=req-9d61aa6a, tenant=stability-tenant, auth_mode=legacy_body, query=stability heartbeat iteration 113...
2026-04-13 01:21:07 | INFO     | 5_connectors.adapter.main:query_memory_v2 - [QUERY_V2] request_id=req-8761aa0e, tenant=stability-tenant, auth_mode=legacy_body, query=stability heartbeat iteration 114...
2026-04-13 01:21:37 | INFO     | 5_connectors.adapter.main:query_memory_v2 - [QUERY_V2] request_id=req-2fa35123, tenant=stability-tenant, auth_mode=legacy_body, query=stability heartbeat iteration 115...
2026-04-13 01:22:07 | INFO     | 5_connectors.adapter.main:query_memory_v2 - [QUERY_V2] request_id=req-aca66309, tenant=stability-tenant, auth_mode=legacy_body, query=stability heartbeat iteration 116...
2026-04-13 01:22:37 | INFO     | 5_connectors.adapter.main:query_memory_v2 - [QUERY_V2] request_id=req-677aaebd, tenant=stability-tenant, auth_mode=legacy_body, query=stability heartbeat iteration 117...
2026-04-13 01:23:07 | INFO     | 5_connectors.adapter.main:query_memory_v2 - [QUERY_V2] request_id=req-f11bcabf, tenant=stability-tenant, auth_mode=legacy_body, query=stability heartbeat iteration 118...
2026-04-13 01:23:37 | INFO     | 5_connectors.adapter.main:query_memory_v2 - [QUERY_V2] request_id=req-033d62ea, tenant=stability-tenant, auth_mode=legacy_body, query=stability heartbeat iteration 119...
2026-04-13 01:24:08 | INFO     | 5_connectors.adapter.main:query_memory_v2 - [QUERY_V2] request_id=req-2f5e52c9, tenant=stability-tenant, auth_mode=legacy_body, query=stability heartbeat iteration 120...
2026-04-13 01:24:38 | INFO     | 5_connectors.adapter.main:query_memory_v2 - [QUERY_V2] request_id=req-a5141b4b, tenant=stability-tenant, auth_mode=legacy_body, query=stability heartbeat iteration 121...
2026-04-13 01:25:08 | INFO     | 5_connectors.adapter.main:query_memory_v2 - [QUERY_V2] request_id=req-d95e018c, tenant=stability-tenant, auth_mode=legacy_body, query=stability heartbeat iteration 122...
2026-04-13 01:25:38 | INFO     | 5_connectors.adapter.main:query_memory_v2 - [QUERY_V2] request_id=req-aa71bc87, tenant=stability-tenant, auth_mode=legacy_body, query=stability heartbeat iteration 123...
2026-04-13 01:26:08 | INFO     | 5_connectors.adapter.main:query_memory_v2 - [QUERY_V2] request_id=req-6edcc8ad, tenant=stability-tenant, auth_mode=legacy_body, query=stability heartbeat iteration 124...
2026-04-13 01:26:38 | INFO     | 5_connectors.adapter.main:query_memory_v2 - [QUERY_V2] request_id=req-bc2b43fd, tenant=stability-tenant, auth_mode=legacy_body, query=stability heartbeat iteration 125...
2026-04-13 01:27:08 | INFO     | 5_connectors.adapter.main:query_memory_v2 - [QUERY_V2] request_id=req-980672a7, tenant=stability-tenant, auth_mode=legacy_body, query=stability heartbeat iteration 126...
2026-04-13 01:27:38 | INFO     | 5_connectors.adapter.main:query_memory_v2 - [QUERY_V2] request_id=req-0ac9431b, tenant=stability-tenant, auth_mode=legacy_body, query=stability heartbeat iteration 127...
2026-04-13 01:28:08 | INFO     | 5_connectors.adapter.main:query_memory_v2 - [QUERY_V2] request_id=req-8e858fe5, tenant=stability-tenant, auth_mode=legacy_body, query=stability heartbeat iteration 128...
2026-04-13 01:28:38 | INFO     | 5_connectors.adapter.main:query_memory_v2 - [QUERY_V2] request_id=req-4a722203, tenant=stability-tenant, auth_mode=legacy_body, query=stability heartbeat iteration 129...
2026-04-13 01:29:08 | INFO     | 5_connectors.adapter.main:query_memory_v2 - [QUERY_V2] request_id=req-ce7bb682, tenant=stability-tenant, auth_mode=legacy_body, query=stability heartbeat iteration 130...
2026-04-13 01:29:38 | INFO     | 5_connectors.adapter.main:query_memory_v2 - [QUERY_V2] request_id=req-e6f7920b, tenant=stability-tenant, auth_mode=legacy_body, query=stability heartbeat iteration 131...
2026-04-13 01:30:08 | INFO     | 5_connectors.adapter.main:query_memory_v2 - [QUERY_V2] request_id=req-046dbbd8, tenant=stability-tenant, auth_mode=legacy_body, query=stability heartbeat iteration 132...
2026-04-13 01:30:39 | INFO     | 5_connectors.adapter.main:query_memory_v2 - [QUERY_V2] request_id=req-915701b7, tenant=stability-tenant, auth_mode=legacy_body, query=stability heartbeat iteration 133...
2026-04-13 01:31:09 | INFO     | 5_connectors.adapter.main:query_memory_v2 - [QUERY_V2] request_id=req-95f200ac, tenant=stability-tenant, auth_mode=legacy_body, query=stability heartbeat iteration 134...
2026-04-13 01:31:39 | INFO     | 5_connectors.adapter.main:query_memory_v2 - [QUERY_V2] request_id=req-54a9b76e, tenant=stability-tenant, auth_mode=legacy_body, query=stability heartbeat iteration 135...
2026-04-13 01:32:09 | INFO     | 5_connectors.adapter.main:query_memory_v2 - [QUERY_V2] request_id=req-6e46611f, tenant=stability-tenant, auth_mode=legacy_body, query=stability heartbeat iteration 136...
2026-04-13 01:32:39 | INFO     | 5_connectors.adapter.main:query_memory_v2 - [QUERY_V2] request_id=req-a00344a1, tenant=stability-tenant, auth_mode=legacy_body, query=stability heartbeat iteration 137...
2026-04-13 01:33:09 | INFO     | 5_connectors.adapter.main:query_memory_v2 - [QUERY_V2] request_id=req-5abf711c, tenant=stability-tenant, auth_mode=legacy_body, query=stability heartbeat iteration 138...
2026-04-13 01:33:39 | INFO     | 5_connectors.adapter.main:query_memory_v2 - [QUERY_V2] request_id=req-21927a10, tenant=stability-tenant, auth_mode=legacy_body, query=stability heartbeat iteration 139...
2026-04-13 01:34:09 | INFO     | 5_connectors.adapter.main:query_memory_v2 - [QUERY_V2] request_id=req-75486325, tenant=stability-tenant, auth_mode=legacy_body, query=stability heartbeat iteration 140...
2026-04-13 01:34:39 | INFO     | 5_connectors.adapter.main:query_memory_v2 - [QUERY_V2] request_id=req-18952a45, tenant=stability-tenant, auth_mode=legacy_body, query=stability heartbeat iteration 141...
2026-04-13 01:35:09 | INFO     | 5_connectors.adapter.main:query_memory_v2 - [QUERY_V2] request_id=req-81fa6bf2, tenant=stability-tenant, auth_mode=legacy_body, query=stability heartbeat iteration 142...
2026-04-13 01:35:39 | INFO     | 5_connectors.adapter.main:query_memory_v2 - [QUERY_V2] request_id=req-89de57a5, tenant=stability-tenant, auth_mode=legacy_body, query=stability heartbeat iteration 143...
2026-04-13 01:36:09 | INFO     | 5_connectors.adapter.main:query_memory_v2 - [QUERY_V2] request_id=req-ce45370e, tenant=stability-tenant, auth_mode=legacy_body, query=stability heartbeat iteration 144...
2026-04-13 01:36:40 | INFO     | 5_connectors.adapter.main:query_memory_v2 - [QUERY_V2] request_id=req-7ec7752d, tenant=stability-tenant, auth_mode=legacy_body, query=stability heartbeat iteration 145...
2026-04-13 01:37:10 | INFO     | 5_connectors.adapter.main:query_memory_v2 - [QUERY_V2] request_id=req-3f1afa5f, tenant=stability-tenant, auth_mode=legacy_body, query=stability heartbeat iteration 146...
2026-04-13 01:37:40 | INFO     | 5_connectors.adapter.main:query_memory_v2 - [QUERY_V2] request_id=req-6d1d798c, tenant=stability-tenant, auth_mode=legacy_body, query=stability heartbeat iteration 147...
2026-04-13 01:38:10 | INFO     | 5_connectors.adapter.main:query_memory_v2 - [QUERY_V2] request_id=req-f98012b2, tenant=stability-tenant, auth_mode=legacy_body, query=stability heartbeat iteration 148...
2026-04-13 01:38:40 | INFO     | 5_connectors.adapter.main:query_memory_v2 - [QUERY_V2] request_id=req-219bce00, tenant=stability-tenant, auth_mode=legacy_body, query=stability heartbeat iteration 149...
2026-04-13 01:39:10 | INFO     | 5_connectors.adapter.main:query_memory_v2 - [QUERY_V2] request_id=req-169d16b4, tenant=stability-tenant, auth_mode=legacy_body, query=stability heartbeat iteration 150...
2026-04-13 01:39:40 | INFO     | 5_connectors.adapter.main:query_memory_v2 - [QUERY_V2] request_id=req-8b6a4d79, tenant=stability-tenant, auth_mode=legacy_body, query=stability heartbeat iteration 151...
2026-04-13 01:40:10 | INFO     | 5_connectors.adapter.main:query_memory_v2 - [QUERY_V2] request_id=req-114d3dd8, tenant=stability-tenant, auth_mode=legacy_body, query=stability heartbeat iteration 152...
2026-04-13 01:40:40 | INFO     | 5_connectors.adapter.main:query_memory_v2 - [QUERY_V2] request_id=req-9c0a91ec, tenant=stability-tenant, auth_mode=legacy_body, query=stability heartbeat iteration 153...
2026-04-13 01:41:10 | INFO     | 5_connectors.adapter.main:query_memory_v2 - [QUERY_V2] request_id=req-7d3d7866, tenant=stability-tenant, auth_mode=legacy_body, query=stability heartbeat iteration 154...
2026-04-13 01:41:40 | INFO     | 5_connectors.adapter.main:query_memory_v2 - [QUERY_V2] request_id=req-cc7d245b, tenant=stability-tenant, auth_mode=legacy_body, query=stability heartbeat iteration 155...
2026-04-13 01:42:10 | INFO     | 5_connectors.adapter.main:query_memory_v2 - [QUERY_V2] request_id=req-35d372de, tenant=stability-tenant, auth_mode=legacy_body, query=stability heartbeat iteration 156...
2026-04-13 01:42:40 | INFO     | 5_connectors.adapter.main:query_memory_v2 - [QUERY_V2] request_id=req-caf84cf6, tenant=stability-tenant, auth_mode=legacy_body, query=stability heartbeat iteration 157...
2026-04-13 01:43:11 | INFO     | 5_connectors.adapter.main:query_memory_v2 - [QUERY_V2] request_id=req-4430788f, tenant=stability-tenant, auth_mode=legacy_body, query=stability heartbeat iteration 158...
2026-04-13 01:43:41 | INFO     | 5_connectors.adapter.main:query_memory_v2 - [QUERY_V2] request_id=req-cabdd5fb, tenant=stability-tenant, auth_mode=legacy_body, query=stability heartbeat iteration 159...
2026-04-13 01:44:11 | INFO     | 5_connectors.adapter.main:query_memory_v2 - [QUERY_V2] request_id=req-13501e86, tenant=stability-tenant, auth_mode=legacy_body, query=stability heartbeat iteration 160...
2026-04-13 01:44:41 | INFO     | 5_connectors.adapter.main:query_memory_v2 - [QUERY_V2] request_id=req-e40c3cfe, tenant=stability-tenant, auth_mode=legacy_body, query=stability heartbeat iteration 161...
2026-04-13 01:45:11 | INFO     | 5_connectors.adapter.main:query_memory_v2 - [QUERY_V2] request_id=req-5fc2ee68, tenant=stability-tenant, auth_mode=legacy_body, query=stability heartbeat iteration 162...
2026-04-13 01:45:41 | INFO     | 5_connectors.adapter.main:query_memory_v2 - [QUERY_V2] request_id=req-6708c77f, tenant=stability-tenant, auth_mode=legacy_body, query=stability heartbeat iteration 163...
2026-04-13 01:46:11 | INFO     | 5_connectors.adapter.main:query_memory_v2 - [QUERY_V2] request_id=req-e1233382, tenant=stability-tenant, auth_mode=legacy_body, query=stability heartbeat iteration 164...
2026-04-13 01:46:41 | INFO     | 5_connectors.adapter.main:query_memory_v2 - [QUERY_V2] request_id=req-47980b9b, tenant=stability-tenant, auth_mode=legacy_body, query=stability heartbeat iteration 165...
2026-04-13 01:47:11 | INFO     | 5_connectors.adapter.main:query_memory_v2 - [QUERY_V2] request_id=req-a5420f07, tenant=stability-tenant, auth_mode=legacy_body, query=stability heartbeat iteration 166...
2026-04-13 01:47:41 | INFO     | 5_connectors.adapter.main:query_memory_v2 - [QUERY_V2] request_id=req-1865dbd6, tenant=stability-tenant, auth_mode=legacy_body, query=stability heartbeat iteration 167...
2026-04-13 01:48:11 | INFO     | 5_connectors.adapter.main:query_memory_v2 - [QUERY_V2] request_id=req-e9449ee2, tenant=stability-tenant, auth_mode=legacy_body, query=stability heartbeat iteration 168...
2026-04-13 01:48:41 | INFO     | 5_connectors.adapter.main:query_memory_v2 - [QUERY_V2] request_id=req-9f2645f5, tenant=stability-tenant, auth_mode=legacy_body, query=stability heartbeat iteration 169...
2026-04-13 01:49:11 | INFO     | 5_connectors.adapter.main:query_memory_v2 - [QUERY_V2] request_id=req-2680b23a, tenant=stability-tenant, auth_mode=legacy_body, query=stability heartbeat iteration 170...
2026-04-13 01:49:42 | INFO     | 5_connectors.adapter.main:query_memory_v2 - [QUERY_V2] request_id=req-9a2e7c3a, tenant=stability-tenant, auth_mode=legacy_body, query=stability heartbeat iteration 171...
2026-04-13 01:50:12 | INFO     | 5_connectors.adapter.main:query_memory_v2 - [QUERY_V2] request_id=req-aa8050d0, tenant=stability-tenant, auth_mode=legacy_body, query=stability heartbeat iteration 172...
2026-04-13 01:50:42 | INFO     | 5_connectors.adapter.main:query_memory_v2 - [QUERY_V2] request_id=req-3c998d63, tenant=stability-tenant, auth_mode=legacy_body, query=stability heartbeat iteration 173...
2026-04-13 01:51:12 | INFO     | 5_connectors.adapter.main:query_memory_v2 - [QUERY_V2] request_id=req-bb404b2d, tenant=stability-tenant, auth_mode=legacy_body, query=stability heartbeat iteration 174...
2026-04-13 01:51:42 | INFO     | 5_connectors.adapter.main:query_memory_v2 - [QUERY_V2] request_id=req-1e6f27e1, tenant=stability-tenant, auth_mode=legacy_body, query=stability heartbeat iteration 175...
2026-04-13 01:52:12 | INFO     | 5_connectors.adapter.main:query_memory_v2 - [QUERY_V2] request_id=req-64de8fa7, tenant=stability-tenant, auth_mode=legacy_body, query=stability heartbeat iteration 176...
2026-04-13 01:52:42 | INFO     | 5_connectors.adapter.main:query_memory_v2 - [QUERY_V2] request_id=req-4cea7bde, tenant=stability-tenant, auth_mode=legacy_body, query=stability heartbeat iteration 177...
2026-04-13 01:53:12 | INFO     | 5_connectors.adapter.main:query_memory_v2 - [QUERY_V2] request_id=req-f4a27e6b, tenant=stability-tenant, auth_mode=legacy_body, query=stability heartbeat iteration 178...
2026-04-13 01:53:42 | INFO     | 5_connectors.adapter.main:query_memory_v2 - [QUERY_V2] request_id=req-4864c277, tenant=stability-tenant, auth_mode=legacy_body, query=stability heartbeat iteration 179...
2026-04-13 01:54:12 | INFO     | 5_connectors.adapter.main:query_memory_v2 - [QUERY_V2] request_id=req-d6fcd86b, tenant=stability-tenant, auth_mode=legacy_body, query=stability heartbeat iteration 180...
2026-04-13 01:54:42 | INFO     | 5_connectors.adapter.main:query_memory_v2 - [QUERY_V2] request_id=req-28334cfb, tenant=stability-tenant, auth_mode=legacy_body, query=stability heartbeat iteration 181...
2026-04-13 01:55:12 | INFO     | 5_connectors.adapter.main:query_memory_v2 - [QUERY_V2] request_id=req-470d10ad, tenant=stability-tenant, auth_mode=legacy_body, query=stability heartbeat iteration 182...
2026-04-13 01:55:43 | INFO     | 5_connectors.adapter.main:query_memory_v2 - [QUERY_V2] request_id=req-efb553dc, tenant=stability-tenant, auth_mode=legacy_body, query=stability heartbeat iteration 183...
2026-04-13 01:56:13 | INFO     | 5_connectors.adapter.main:query_memory_v2 - [QUERY_V2] request_id=req-c72bf389, tenant=stability-tenant, auth_mode=legacy_body, query=stability heartbeat iteration 184...
2026-04-13 01:56:43 | INFO     | 5_connectors.adapter.main:query_memory_v2 - [QUERY_V2] request_id=req-f080a875, tenant=stability-tenant, auth_mode=legacy_body, query=stability heartbeat iteration 185...
2026-04-13 01:57:13 | INFO     | 5_connectors.adapter.main:query_memory_v2 - [QUERY_V2] request_id=req-3781a974, tenant=stability-tenant, auth_mode=legacy_body, query=stability heartbeat iteration 186...
2026-04-13 01:57:43 | INFO     | 5_connectors.adapter.main:query_memory_v2 - [QUERY_V2] request_id=req-3cb4b66a, tenant=stability-tenant, auth_mode=legacy_body, query=stability heartbeat iteration 187...
2026-04-13 01:58:13 | INFO     | 5_connectors.adapter.main:query_memory_v2 - [QUERY_V2] request_id=req-6c4ebce1, tenant=stability-tenant, auth_mode=legacy_body, query=stability heartbeat iteration 188...
2026-04-13 01:58:43 | INFO     | 5_connectors.adapter.main:query_memory_v2 - [QUERY_V2] request_id=req-e8f85fcd, tenant=stability-tenant, auth_mode=legacy_body, query=stability heartbeat iteration 189...
2026-04-13 01:59:13 | INFO     | 5_connectors.adapter.main:query_memory_v2 - [QUERY_V2] request_id=req-f3ad573d, tenant=stability-tenant, auth_mode=legacy_body, query=stability heartbeat iteration 190...
2026-04-13 01:59:43 | INFO     | 5_connectors.adapter.main:query_memory_v2 - [QUERY_V2] request_id=req-0e0f35f2, tenant=stability-tenant, auth_mode=legacy_body, query=stability heartbeat iteration 191...
2026-04-13 02:00:13 | INFO     | 5_connectors.adapter.main:query_memory_v2 - [QUERY_V2] request_id=req-bcf0adfe, tenant=stability-tenant, auth_mode=legacy_body, query=stability heartbeat iteration 192...
2026-04-13 02:00:43 | INFO     | 5_connectors.adapter.main:query_memory_v2 - [QUERY_V2] request_id=req-d798e24a, tenant=stability-tenant, auth_mode=legacy_body, query=stability heartbeat iteration 193...
2026-04-13 02:01:13 | INFO     | 5_connectors.adapter.main:query_memory_v2 - [QUERY_V2] request_id=req-6c0d89ed, tenant=stability-tenant, auth_mode=legacy_body, query=stability heartbeat iteration 194...
2026-04-13 02:01:44 | INFO     | 5_connectors.adapter.main:query_memory_v2 - [QUERY_V2] request_id=req-34fd2b6a, tenant=stability-tenant, auth_mode=legacy_body, query=stability heartbeat iteration 195...
2026-04-13 02:02:14 | INFO     | 5_connectors.adapter.main:query_memory_v2 - [QUERY_V2] request_id=req-59e137b8, tenant=stability-tenant, auth_mode=legacy_body, query=stability heartbeat iteration 196...
2026-04-13 02:02:44 | INFO     | 5_connectors.adapter.main:query_memory_v2 - [QUERY_V2] request_id=req-cb054755, tenant=stability-tenant, auth_mode=legacy_body, query=stability heartbeat iteration 197...
2026-04-13 02:03:14 | INFO     | 5_connectors.adapter.main:query_memory_v2 - [QUERY_V2] request_id=req-1cc1fa56, tenant=stability-tenant, auth_mode=legacy_body, query=stability heartbeat iteration 198...
2026-04-13 02:03:44 | INFO     | 5_connectors.adapter.main:query_memory_v2 - [QUERY_V2] request_id=req-46c62953, tenant=stability-tenant, auth_mode=legacy_body, query=stability heartbeat iteration 199...
2026-04-13 02:04:14 | INFO     | 5_connectors.adapter.main:query_memory_v2 - [QUERY_V2] request_id=req-17bf4080, tenant=stability-tenant, auth_mode=legacy_body, query=stability heartbeat iteration 200...
2026-04-13 02:04:44 | INFO     | 5_connectors.adapter.main:query_memory_v2 - [QUERY_V2] request_id=req-487339b7, tenant=stability-tenant, auth_mode=legacy_body, query=stability heartbeat iteration 201...
2026-04-13 02:05:14 | INFO     | 5_connectors.adapter.main:query_memory_v2 - [QUERY_V2] request_id=req-c828ebbb, tenant=stability-tenant, auth_mode=legacy_body, query=stability heartbeat iteration 202...
2026-04-13 02:05:44 | INFO     | 5_connectors.adapter.main:query_memory_v2 - [QUERY_V2] request_id=req-6a5dabb4, tenant=stability-tenant, auth_mode=legacy_body, query=stability heartbeat iteration 203...
2026-04-13 02:06:14 | INFO     | 5_connectors.adapter.main:query_memory_v2 - [QUERY_V2] request_id=req-0c67a447, tenant=stability-tenant, auth_mode=legacy_body, query=stability heartbeat iteration 204...
2026-04-13 02:06:44 | INFO     | 5_connectors.adapter.main:query_memory_v2 - [QUERY_V2] request_id=req-c6169a10, tenant=stability-tenant, auth_mode=legacy_body, query=stability heartbeat iteration 205...
2026-04-13 02:07:14 | INFO     | 5_connectors.adapter.main:query_memory_v2 - [QUERY_V2] request_id=req-9141e6c1, tenant=stability-tenant, auth_mode=legacy_body, query=stability heartbeat iteration 206...
2026-04-13 02:07:44 | INFO     | 5_connectors.adapter.main:query_memory_v2 - [QUERY_V2] request_id=req-6e0e468d, tenant=stability-tenant, auth_mode=legacy_body, query=stability heartbeat iteration 207...
2026-04-13 02:08:15 | INFO     | 5_connectors.adapter.main:query_memory_v2 - [QUERY_V2] request_id=req-ed585583, tenant=stability-tenant, auth_mode=legacy_body, query=stability heartbeat iteration 208...
2026-04-13 02:08:45 | INFO     | 5_connectors.adapter.main:query_memory_v2 - [QUERY_V2] request_id=req-28e2107b, tenant=stability-tenant, auth_mode=legacy_body, query=stability heartbeat iteration 209...
2026-04-13 02:09:15 | INFO     | 5_connectors.adapter.main:query_memory_v2 - [QUERY_V2] request_id=req-ed84cbec, tenant=stability-tenant, auth_mode=legacy_body, query=stability heartbeat iteration 210...
2026-04-13 02:09:45 | INFO     | 5_connectors.adapter.main:query_memory_v2 - [QUERY_V2] request_id=req-0fa0415e, tenant=stability-tenant, auth_mode=legacy_body, query=stability heartbeat iteration 211...
2026-04-13 02:10:15 | INFO     | 5_connectors.adapter.main:query_memory_v2 - [QUERY_V2] request_id=req-f7bb51e4, tenant=stability-tenant, auth_mode=legacy_body, query=stability heartbeat iteration 212...
2026-04-13 02:10:45 | INFO     | 5_connectors.adapter.main:query_memory_v2 - [QUERY_V2] request_id=req-11f1848b, tenant=stability-tenant, auth_mode=legacy_body, query=stability heartbeat iteration 213...
2026-04-13 02:11:15 | INFO     | 5_connectors.adapter.main:query_memory_v2 - [QUERY_V2] request_id=req-b7d7fdd9, tenant=stability-tenant, auth_mode=legacy_body, query=stability heartbeat iteration 214...
2026-04-13 02:11:45 | INFO     | 5_connectors.adapter.main:query_memory_v2 - [QUERY_V2] request_id=req-449988fd, tenant=stability-tenant, auth_mode=legacy_body, query=stability heartbeat iteration 215...
2026-04-13 02:12:15 | INFO     | 5_connectors.adapter.main:query_memory_v2 - [QUERY_V2] request_id=req-a30102ab, tenant=stability-tenant, auth_mode=legacy_body, query=stability heartbeat iteration 216...
2026-04-13 02:12:45 | INFO     | 5_connectors.adapter.main:query_memory_v2 - [QUERY_V2] request_id=req-2ec41d81, tenant=stability-tenant, auth_mode=legacy_body, query=stability heartbeat iteration 217...
2026-04-13 02:13:15 | INFO     | 5_connectors.adapter.main:query_memory_v2 - [QUERY_V2] request_id=req-9dba740d, tenant=stability-tenant, auth_mode=legacy_body, query=stability heartbeat iteration 218...
2026-04-13 02:13:45 | INFO     | 5_connectors.adapter.main:query_memory_v2 - [QUERY_V2] request_id=req-d59606ab, tenant=stability-tenant, auth_mode=legacy_body, query=stability heartbeat iteration 219...
2026-04-13 02:14:16 | INFO     | 5_connectors.adapter.main:query_memory_v2 - [QUERY_V2] request_id=req-1d49d9f3, tenant=stability-tenant, auth_mode=legacy_body, query=stability heartbeat iteration 220...
2026-04-13 02:14:46 | INFO     | 5_connectors.adapter.main:query_memory_v2 - [QUERY_V2] request_id=req-aaa67f76, tenant=stability-tenant, auth_mode=legacy_body, query=stability heartbeat iteration 221...
2026-04-13 02:15:16 | INFO     | 5_connectors.adapter.main:query_memory_v2 - [QUERY_V2] request_id=req-6d8ca86d, tenant=stability-tenant, auth_mode=legacy_body, query=stability heartbeat iteration 222...
2026-04-13 02:15:46 | INFO     | 5_connectors.adapter.main:query_memory_v2 - [QUERY_V2] request_id=req-0f851b87, tenant=stability-tenant, auth_mode=legacy_body, query=stability heartbeat iteration 223...
2026-04-13 02:16:16 | INFO     | 5_connectors.adapter.main:query_memory_v2 - [QUERY_V2] request_id=req-11bad1e4, tenant=stability-tenant, auth_mode=legacy_body, query=stability heartbeat iteration 224...
2026-04-13 02:16:46 | INFO     | 5_connectors.adapter.main:query_memory_v2 - [QUERY_V2] request_id=req-95460452, tenant=stability-tenant, auth_mode=legacy_body, query=stability heartbeat iteration 225...
2026-04-13 02:17:16 | INFO     | 5_connectors.adapter.main:query_memory_v2 - [QUERY_V2] request_id=req-f61c7b80, tenant=stability-tenant, auth_mode=legacy_body, query=stability heartbeat iteration 226...
2026-04-13 02:17:46 | INFO     | 5_connectors.adapter.main:query_memory_v2 - [QUERY_V2] request_id=req-c1c13fd9, tenant=stability-tenant, auth_mode=legacy_body, query=stability heartbeat iteration 227...
2026-04-13 02:18:16 | INFO     | 5_connectors.adapter.main:query_memory_v2 - [QUERY_V2] request_id=req-0a98a8c4, tenant=stability-tenant, auth_mode=legacy_body, query=stability heartbeat iteration 228...
2026-04-13 02:18:46 | INFO     | 5_connectors.adapter.main:query_memory_v2 - [QUERY_V2] request_id=req-7c35574b, tenant=stability-tenant, auth_mode=legacy_body, query=stability heartbeat iteration 229...
2026-04-13 02:19:16 | INFO     | 5_connectors.adapter.main:query_memory_v2 - [QUERY_V2] request_id=req-122a5869, tenant=stability-tenant, auth_mode=legacy_body, query=stability heartbeat iteration 230...
2026-04-13 02:19:46 | INFO     | 5_connectors.adapter.main:query_memory_v2 - [QUERY_V2] request_id=req-dc679806, tenant=stability-tenant, auth_mode=legacy_body, query=stability heartbeat iteration 231...
2026-04-13 02:20:16 | INFO     | 5_connectors.adapter.main:query_memory_v2 - [QUERY_V2] request_id=req-51b8e857, tenant=stability-tenant, auth_mode=legacy_body, query=stability heartbeat iteration 232...
2026-04-13 02:20:47 | INFO     | 5_connectors.adapter.main:query_memory_v2 - [QUERY_V2] request_id=req-cbbc9056, tenant=stability-tenant, auth_mode=legacy_body, query=stability heartbeat iteration 233...
2026-04-13 02:21:17 | INFO     | 5_connectors.adapter.main:query_memory_v2 - [QUERY_V2] request_id=req-424c189a, tenant=stability-tenant, auth_mode=legacy_body, query=stability heartbeat iteration 234...
2026-04-13 02:21:47 | INFO     | 5_connectors.adapter.main:query_memory_v2 - [QUERY_V2] request_id=req-b63b92f1, tenant=stability-tenant, auth_mode=legacy_body, query=stability heartbeat iteration 235...
2026-04-13 02:22:17 | INFO     | 5_connectors.adapter.main:query_memory_v2 - [QUERY_V2] request_id=req-2268e4f0, tenant=stability-tenant, auth_mode=legacy_body, query=stability heartbeat iteration 236...
2026-04-13 02:22:47 | INFO     | 5_connectors.adapter.main:query_memory_v2 - [QUERY_V2] request_id=req-73ab1556, tenant=stability-tenant, auth_mode=legacy_body, query=stability heartbeat iteration 237...
2026-04-13 02:23:17 | INFO     | 5_connectors.adapter.main:query_memory_v2 - [QUERY_V2] request_id=req-416f0a7d, tenant=stability-tenant, auth_mode=legacy_body, query=stability heartbeat iteration 238...
2026-04-13 02:23:47 | INFO     | 5_connectors.adapter.main:query_memory_v2 - [QUERY_V2] request_id=req-50935b5e, tenant=stability-tenant, auth_mode=legacy_body, query=stability heartbeat iteration 239...
2026-04-13 02:24:17 | INFO     | 5_connectors.adapter.main:query_memory_v2 - [QUERY_V2] request_id=req-ef1b88ea, tenant=stability-tenant, auth_mode=legacy_body, query=stability heartbeat iteration 240...
2026-04-13 03:01:28 | INFO     | 5_connectors.adapter.main:query_memory_v2 - [QUERY_V2] request_id=req-fa74b99f, tenant=phase1-step2, auth_mode=legacy_body, query=runtime down check...
2026-04-13 03:01:30 | ERROR    | 5_connectors.adapter.main:log_error - [ERROR] Unhandled adapter exception: HTTPStatusError: Server error '502 Bad Gateway' for url 'http://127.0.0.1:8765/memory/search'
For more information check: https://developer.mozilla.org/en-US/docs/Web/HTTP/Status/502
ERROR:    Exception in ASGI application
Traceback (most recent call last):
  File "C:\Users\Admin\AppData\Roaming\Python\Python314\site-packages\uvicorn\protocols\http\h11_impl.py", line 415, in run_asgi
    result = await app(  # type: ignore[func-returns-value]
             ^^^^^^^^^^^^^^^^^^^^^^^^^^^^^^^^^^^^^^^^^^^^^^
        self.scope, self.receive, self.send
        ^^^^^^^^^^^^^^^^^^^^^^^^^^^^^^^^^^^
    )
    ^
  File "C:\Users\Admin\AppData\Roaming\Python\Python314\site-packages\uvicorn\middleware\proxy_headers.py", line 60, in __call__
    return await self.app(scope, receive, send)
           ^^^^^^^^^^^^^^^^^^^^^^^^^^^^^^^^^^^^
  File "C:\Users\Admin\AppData\Roaming\Python\Python314\site-packages\fastapi\applications.py", line 1163, in __call__
    await super().__call__(scope, receive, send)
  File "C:\Users\Admin\AppData\Roaming\Python\Python314\site-packages\starlette\applications.py", line 90, in __call__
    await self.middleware_stack(scope, receive, send)
  File "C:\Users\Admin\AppData\Roaming\Python\Python314\site-packages\starlette\middleware\errors.py", line 186, in __call__
    raise exc
  File "C:\Users\Admin\AppData\Roaming\Python\Python314\site-packages\starlette\middleware\errors.py", line 164, in __call__
    await self.app(scope, receive, _send)
  File "C:\Users\Admin\AppData\Roaming\Python\Python314\site-packages\starlette\middleware\base.py", line 191, in __call__
    with recv_stream, send_stream, collapse_excgroups():
                                   ~~~~~~~~~~~~~~~~~~^^
  File "C:\Python314\Lib\contextlib.py", line 162, in __exit__
    self.gen.throw(value)
    ~~~~~~~~~~~~~~^^^^^^^
  File "C:\Users\Admin\AppData\Roaming\Python\Python314\site-packages\starlette\_utils.py", line 87, in collapse_excgroups
    raise exc
  File "C:\Users\Admin\AppData\Roaming\Python\Python314\site-packages\starlette\middleware\base.py", line 193, in __call__
    response = await self.dispatch_func(request, call_next)
               ^^^^^^^^^^^^^^^^^^^^^^^^^^^^^^^^^^^^^^^^^^^^
  File "E:\AI2\Vault\13_OmniMemora\OmniMemora\5_connectors\adapter\main.py", line 121, in attach_request_id
    response = await call_next(request)
               ^^^^^^^^^^^^^^^^^^^^^^^^
  File "C:\Users\Admin\AppData\Roaming\Python\Python314\site-packages\starlette\middleware\base.py", line 168, in call_next
    raise app_exc from app_exc.__cause__ or app_exc.__context__
  File "C:\Users\Admin\AppData\Roaming\Python\Python314\site-packages\starlette\middleware\base.py", line 144, in coro
    await self.app(scope, receive_or_disconnect, send_no_error)
  File "C:\Users\Admin\AppData\Roaming\Python\Python314\site-packages\starlette\middleware\cors.py", line 88, in __call__
    await self.app(scope, receive, send)
  File "C:\Users\Admin\AppData\Roaming\Python\Python314\site-packages\starlette\middleware\exceptions.py", line 63, in __call__
    await wrap_app_handling_exceptions(self.app, conn)(scope, receive, send)
  File "C:\Users\Admin\AppData\Roaming\Python\Python314\site-packages\starlette\_exception_handler.py", line 53, in wrapped_app
    raise exc
  File "C:\Users\Admin\AppData\Roaming\Python\Python314\site-packages\starlette\_exception_handler.py", line 42, in wrapped_app
    await app(scope, receive, sender)
  File "C:\Users\Admin\AppData\Roaming\Python\Python314\site-packages\fastapi\middleware\asyncexitstack.py", line 18, in __call__
    await self.app(scope, receive, send)
  File "C:\Users\Admin\AppData\Roaming\Python\Python314\site-packages\starlette\routing.py", line 660, in __call__
    await self.middleware_stack(scope, receive, send)
  File "C:\Users\Admin\AppData\Roaming\Python\Python314\site-packages\starlette\routing.py", line 680, in app
    await route.handle(scope, receive, send)
  File "C:\Users\Admin\AppData\Roaming\Python\Python314\site-packages\starlette\routing.py", line 276, in handle
    await self.app(scope, receive, send)
  File "C:\Users\Admin\AppData\Roaming\Python\Python314\site-packages\fastapi\routing.py", line 134, in app
    await wrap_app_handling_exceptions(app, request)(scope, receive, send)
  File "C:\Users\Admin\AppData\Roaming\Python\Python314\site-packages\starlette\_exception_handler.py", line 53, in wrapped_app
    raise exc
  File "C:\Users\Admin\AppData\Roaming\Python\Python314\site-packages\starlette\_exception_handler.py", line 42, in wrapped_app
    await app(scope, receive, sender)
  File "C:\Users\Admin\AppData\Roaming\Python\Python314\site-packages\fastapi\routing.py", line 120, in app
    response = await f(request)
               ^^^^^^^^^^^^^^^^
  File "C:\Users\Admin\AppData\Roaming\Python\Python314\site-packages\fastapi\routing.py", line 674, in app
    raw_response = await run_endpoint_function(
                   ^^^^^^^^^^^^^^^^^^^^^^^^^^^^
    ...<3 lines>...
    )
    ^
  File "C:\Users\Admin\AppData\Roaming\Python\Python314\site-packages\fastapi\routing.py", line 328, in run_endpoint_function
    return await dependant.call(**values)
           ^^^^^^^^^^^^^^^^^^^^^^^^^^^^^^
  File "E:\AI2\Vault\13_OmniMemora\OmniMemora\5_connectors\adapter\main.py", line 2035, in query_memory_v2
    search_result = await search_memory(retrieve_req, http_request)
                    ^^^^^^^^^^^^^^^^^^^^^^^^^^^^^^^^^^^^^^^^^^^^^^^
  File "E:\AI2\Vault\13_OmniMemora\OmniMemora\5_connectors\adapter\main.py", line 1571, in search_memory
    search_result = await _get_backend().search(
                    ^^^^^^^^^^^^^^^^^^^^^^^^^^^^
    ...<7 lines>...
    )
    ^
  File "E:\AI2\Vault\13_OmniMemora\OmniMemora\5_connectors\adapter\backends\omnimemora_runtime_backend.py", line 71, in search
    result = await self._runtime_request("POST", "/memory/search", json=body)
             ^^^^^^^^^^^^^^^^^^^^^^^^^^^^^^^^^^^^^^^^^^^^^^^^^^^^^^^^^^^^^^^^
  File "E:\AI2\Vault\13_OmniMemora\OmniMemora\5_connectors\adapter\backends\omnimemora_runtime_backend.py", line 62, in _runtime_request
    response.raise_for_status()
    ~~~~~~~~~~~~~~~~~~~~~~~~~^^
  File "C:\Users\Admin\AppData\Roaming\Python\Python314\site-packages\httpx\_models.py", line 829, in raise_for_status
    raise HTTPStatusError(message, request=request, response=self)
httpx.HTTPStatusError: Server error '502 Bad Gateway' for url 'http://127.0.0.1:8765/memory/search'
For more information check: https://developer.mozilla.org/en-US/docs/Web/HTTP/Status/502
2026-04-13 03:01:31 | INFO     | 5_connectors.adapter.main:query_memory_v2 - [QUERY_V2] request_id=req-402ddf98, tenant=phase1-step2, auth_mode=legacy_body, query=runtime recovered check...
2026-04-13 03:01:31 | INFO     | 5_connectors.adapter.main:query_memory_v2 - [POLICY_V1_BYPASS] request_id=req-402ddf98, task_type=implementation, matched_keywords=['run'], bypassed_tokens=200
